##
## mesh generation for Godiva
## Godiva is a bare, high enriched Uranium sphere with
## a radius of 8.71 cm

## create the solid body geometry
## we need to adjust for the meshed volume being short

# correct volume for factor 5
create sphere radius 8.837166

# correct volume for factor 3
#create sphere radius 8.815382

# uncomment to mesh the uncorrected radius
#create sphere radius 8.71

# declare that the want a tetmesh
volume 1 scheme Tetmesh

# select the mesh refinement level
#
# factor 5: 8220
# factor 3: 66239
# factor 2: 116675
volume 1 size auto factor 5

# declare the outer surface to be sideset 1 => BC assigment
Sideset 1 surface 1

# this meshes the volume with using tetmesh and the specified parameters
mesh volume 1

# declare the block id [called region id in THOR]
block 1 volume 1

# export the mesh
# NOTE: modify to a useful path in your directory structure
export mesh "/Users/schus/projects/THOR/THOR/examples/Godiva_tutorial/create_mesh/godiva.e" dimension 3 block 1 overwrite
