========================================================
   Begin outer iterations.
========================================================
     1    1  1.0000E+00 % 
     1    2  2.6757E-01 % 
     1    3  2.1441E-01 % 
     1    4  1.9188E-01 % 
     1    5  1.7327E-01 % 
     2    1  1.0000E+00 % 
     2    2  1.2467E+01 % 
     2    3  1.1907E+01 % 
     2    4  7.4305E+00 % 
     2    5  1.2311E+00 % 
---------------------------------------------------------------------------------------
---itn i-itn        keff    err-keff    err-fiss     err-flx      Sp Rad      extrap---
     1    10  9.8351E-01  1.6765E-02  1.4104E-01  4.4172E+04  5.2516E+00           0 %% 
---------------------------------------------------------------------------------------
     1    1  1.0000E+00 % 
     1    2  1.4403E-01 % 
     1    3  1.3288E-01 % 
     1    4  1.2221E-01 % 
     1    5  1.1198E-01 % 
     2    1  1.0000E+00 % 
     2    2  6.4579E-02 % 
     2    3  5.9932E-02 % 
     2    4  5.5752E-02 % 
     2    5  5.1997E-02 % 
---------------------------------------------------------------------------------------
---itn i-itn        keff    err-keff    err-fiss     err-flx      Sp Rad      extrap---
     2    20  1.0541E+00  6.6990E-02  1.1304E-01  8.6923E-01  9.5248E-01           0 %% 
---------------------------------------------------------------------------------------
     1    1  1.0000E+00 % 
     1    2  9.3230E-02 % 
     1    3  8.5386E-02 % 
     1    4  7.8014E-02 % 
     1    5  7.1075E-02 % 
     2    1  1.0000E+00 % 
     2    2  4.8499E-02 % 
     2    3  4.5902E-02 % 
     2    4  4.3864E-02 % 
     2    5  4.1945E-02 % 
---------------------------------------------------------------------------------------
---itn i-itn        keff    err-keff    err-fiss     err-flx      Sp Rad      extrap---
     3    30  1.0661E+00  1.1231E-02  2.6752E-02  5.0900E-01  1.6956E-01           0 %% 
---------------------------------------------------------------------------------------
     1    1  1.0000E+00 % 
     1    2  5.8609E-02 % 
     1    3  5.2997E-02 % 
     1    4  4.7829E-02 % 
     1    5  4.3093E-02 % 
     2    1  1.0000E+00 % 
     2    2  3.9971E-02 % 
     2    3  3.8385E-02 % 
     2    4  3.6885E-02 % 
     2    5  3.5466E-02 % 
---------------------------------------------------------------------------------------
---itn i-itn        keff    err-keff    err-fiss     err-flx      Sp Rad      extrap---
     4    40  1.0658E+00  2.8670E-04  5.7281E-03  2.9715E-01  2.2604E-01           0 %% 
---------------------------------------------------------------------------------------
     1    1  1.0000E+00 % 
     1    2  3.4923E-02 % 
     1    3  3.1366E-02 % 
     1    4  2.8158E-02 % 
     1    5  2.5269E-02 % 
     2    1  1.0000E+00 % 
     2    2  3.3706E-02 % 
     2    3  3.2506E-02 % 
     2    4  3.1367E-02 % 
     2    5  3.0283E-02 % 
---------------------------------------------------------------------------------------
---itn i-itn        keff    err-keff    err-fiss     err-flx      Sp Rad      extrap---
     5    50  1.0631E+00  2.4955E-03  5.3043E-03  1.7378E-01  1.0324E+00           0 %% 
---------------------------------------------------------------------------------------
     1    1  1.0000E+00 % 
     1    2  2.0406E-02 % 
     1    3  1.8315E-02 % 
     1    4  1.6442E-02 % 
     1    5  1.4767E-02 % 
     2    1  1.0000E+00 % 
     2    2  2.8777E-02 % 
     2    3  2.7845E-02 % 
     2    4  2.6955E-02 % 
     2    5  2.6105E-02 % 
---------------------------------------------------------------------------------------
---itn i-itn        keff    err-keff    err-fiss     err-flx      Sp Rad      extrap---
     6    60  1.0606E+00  2.3822E-03  4.6053E-03  1.4743E-01  9.0427E-01           0 %% 
---------------------------------------------------------------------------------------
     1    1  1.0000E+00 % 
     1    2  1.1974E-02 % 
     1    3  1.0768E-02 % 
     1    4  9.6883E-03 % 
     1    5  8.7210E-03 % 
     2    1  1.0000E+00 % 
     2    2  2.4891E-02 % 
     2    3  2.4211E-02 % 
     2    4  2.3553E-02 % 
     2    5  2.2916E-02 % 
---------------------------------------------------------------------------------------
---itn i-itn        keff    err-keff    err-fiss     err-flx      Sp Rad      extrap---
     7    70  1.0587E+00  1.8232E-03  3.6745E-03  1.2718E-01  7.6394E-01           0 %% 
---------------------------------------------------------------------------------------
     1    1  1.0000E+00 % 
     1    2  7.1178E-03 % 
     1    3  6.4163E-03 % 
     1    4  5.7866E-03 % 
     1    5  5.2208E-03 % 
     2    1  1.0000E+00 % 
     2    2  2.1896E-02 % 
     2    3  2.1316E-02 % 
     2    4  2.0754E-02 % 
     2    5  2.0209E-02 % 
---------------------------------------------------------------------------------------
---itn i-itn        keff    err-keff    err-fiss     err-flx      Sp Rad      extrap---
     8    80  1.0573E+00  1.3079E-03  2.8689E-03  1.1132E-01  7.1646E-01           0 %% 
---------------------------------------------------------------------------------------
     1    1  1.0000E+00 % 
     1    2  4.2888E-03 % 
     1    3  3.8738E-03 % 
     1    4  3.5002E-03 % 
     1    5  3.1635E-03 % 
     2    1  1.0000E+00 % 
     2    2  1.9290E-02 % 
     2    3  1.8791E-02 % 
     2    4  1.8305E-02 % 
     2    5  1.7833E-02 % 
---------------------------------------------------------------------------------------
---itn i-itn        keff    err-keff    err-fiss     err-flx      Sp Rad      extrap---
     9    90  1.0563E+00  9.2598E-04  2.2493E-03  9.7627E-02  7.1318E-01           0 %% 
---------------------------------------------------------------------------------------
     1    1  1.0000E+00 % 
     1    2  2.6147E-03 % 
     1    3  2.3652E-03 % 
     1    4  2.1399E-03 % 
     1    5  1.9365E-03 % 
     2    1  1.0000E+00 % 
     2    2  1.7010E-02 % 
     2    3  1.6576E-02 % 
     2    4  1.6153E-02 % 
     2    5  1.5742E-02 % 
---------------------------------------------------------------------------------------
---itn i-itn        keff    err-keff    err-fiss     err-flx      Sp Rad      extrap---
    10   100  1.0556E+00  6.6223E-04  1.7899E-03  8.5734E-02  7.3684E-01           0 %% 
---------------------------------------------------------------------------------------
     1    1  1.0000E+00 % 
     1    2  1.6105E-03 % 
     1    3  1.4582E-03 % 
     1    4  1.3206E-03 % 
     1    5  1.1961E-03 % 
     2    1  1.0000E+00 % 
     2    2  1.5068E-02 % 
     2    3  1.4722E-02 % 
     2    4  1.4383E-02 % 
     2    5  1.4052E-02 % 
---------------------------------------------------------------------------------------
---itn i-itn        keff    err-keff    err-fiss     err-flx      Sp Rad      extrap---
    11   110  1.0537E+00  1.8414E-03  5.5316E-03  3.6594E-01  2.8870E+00           1 %% 
---------------------------------------------------------------------------------------
     1    1  1.0000E+00 % 
     1    2  7.4346E-04 % 
     1    3  6.6717E-04 % 
     1    4  5.9922E-04 % 
     1    5  5.3860E-04 % 
     2    1  1.0000E+00 % 
     2    2  7.5890E-03 % 
     2    3  7.4626E-03 % 
     2    4  7.3349E-03 % 
     2    5  7.2061E-03 % 
---------------------------------------------------------------------------------------
---itn i-itn        keff    err-keff    err-fiss     err-flx      Sp Rad      extrap---
    12   120  1.0537E+00  2.4085E-05  4.7516E-04  3.7867E-02  1.0603E-01           0 %% 
---------------------------------------------------------------------------------------
     1    1  1.0000E+00 % 
     1    2  4.2790E-04 % 
     1    3  3.8511E-04 % 
     1    4  3.4679E-04 % 
     1    5  3.1244E-04 % 
     2    1  1.0000E+00 % 
     2    2  6.9248E-03 % 
     2    3  6.7949E-03 % 
     2    4  6.6657E-03 % 
     2    5  6.5384E-03 % 
---------------------------------------------------------------------------------------
---itn i-itn        keff    err-keff    err-fiss     err-flx      Sp Rad      extrap---
    13   130  1.0536E+00  4.6631E-05  4.4248E-04  3.4439E-02  8.5054E-01           0 %% 
---------------------------------------------------------------------------------------
     1    1  1.0000E+00 % 
     1    2  2.4688E-04 % 
     1    3  2.2253E-04 % 
     1    4  2.0065E-04 % 
     1    5  1.8099E-04 % 
     2    1  1.0000E+00 % 
     2    2  6.2712E-03 % 
     2    3  6.1450E-03 % 
     2    4  6.0195E-03 % 
     2    5  5.8947E-03 % 
---------------------------------------------------------------------------------------
---itn i-itn        keff    err-keff    err-fiss     err-flx      Sp Rad      extrap---
    14   140  1.0536E+00  5.6615E-05  4.0310E-04  3.1108E-02  8.5439E-01           0 %% 
---------------------------------------------------------------------------------------
     1    1  1.0000E+00 % 
     1    2  1.4124E-04 % 
     1    3  1.2736E-04 % 
     1    4  1.1488E-04 % 
     1    5  1.0365E-04 % 
     2    1  1.0000E+00 % 
     2    2  5.6403E-03 % 
     2    3  5.5188E-03 % 
     2    4  5.3984E-03 % 
     2    5  5.2793E-03 % 
---------------------------------------------------------------------------------------
---itn i-itn        keff    err-keff    err-fiss     err-flx      Sp Rad      extrap---
    15   150  1.0535E+00  5.8987E-05  3.6113E-04  2.7906E-02  8.5779E-01           0 %% 
---------------------------------------------------------------------------------------
     1    1  1.0000E+00 % 
     1    2  7.9085E-05 % 
     1    3  7.1271E-05 % 
     1    4  6.4246E-05 % 
     1    5  5.7924E-05 % 
     2    1  1.0000E+00 % 
     2    2  5.0410E-03 % 
     2    3  4.9264E-03 % 
     2    4  4.8133E-03 % 
     2    5  4.7019E-03 % 
---------------------------------------------------------------------------------------
---itn i-itn        keff    err-keff    err-fiss     err-flx      Sp Rad      extrap---
    16   160  1.0531E+00  4.0153E-04  2.2525E-03  2.0588E-01  6.0640E+00           1 %% 
---------------------------------------------------------------------------------------
     1    1  1.0000E+00 % 
     1    2  1.7784E-04 % 
     1    3  1.6083E-04 % 
     1    4  1.4548E-04 % 
     1    5  1.3162E-04 % 
     2    1  1.0000E+00 % 
     2    2  4.4961E-04 % 
     2    3  4.2083E-04 % 
     2    4  3.9415E-04 % 
     2    5  3.6941E-04 % 
---------------------------------------------------------------------------------------
---itn i-itn        keff    err-keff    err-fiss     err-flx      Sp Rad      extrap---
    17   170  1.0530E+00  2.8259E-05  4.4907E-05  2.1165E-03  3.5389E-02           0 %% 
---------------------------------------------------------------------------------------
     1    1  1.0000E+00 % 
     1    2  1.0804E-04 % 
     1    3  9.7790E-05 % 
     1    4  8.8524E-05 % 
     1    5  8.0146E-05 % 
     2    1  1.0000E+00 % 
     2    2  3.3231E-04 % 
     2    3  3.1228E-04 % 
     2    4  2.9366E-04 % 
     2    5  2.7634E-04 % 
---------------------------------------------------------------------------------------
---itn i-itn        keff    err-keff    err-fiss     err-flx      Sp Rad      extrap---
    18   180  1.0530E+00  1.7588E-05  2.9323E-05  1.5695E-03  6.2236E-01           0 %% 
---------------------------------------------------------------------------------------
     1    1  1.0000E+00 % 
     1    2  6.5911E-05 % 
     1    3  5.9689E-05 % 
     1    4  5.4060E-05 % 
     1    5  4.8968E-05 % 
     2    1  1.0000E+00 % 
     2    2  2.4960E-04 % 
     2    3  2.3548E-04 % 
     2    4  2.2231E-04 % 
     2    5  2.1002E-04 % 
---------------------------------------------------------------------------------------
---itn i-itn        keff    err-keff    err-fiss     err-flx      Sp Rad      extrap---
    19   190  1.0530E+00  1.1009E-05  1.9549E-05  1.1827E-03  6.2592E-01           0 %% 
---------------------------------------------------------------------------------------
     1    1  1.0000E+00 % 
     1    2  4.0336E-05 % 
     1    3  3.6542E-05 % 
     1    4  3.3109E-05 % 
     1    5  3.0000E-05 % 
     2    1  1.0000E+00 % 
     2    2  1.9052E-04 % 
     2    3  1.8041E-04 % 
     2    4  1.7096E-04 % 
     2    5  1.6212E-04 % 
---------------------------------------------------------------------------------------
---itn i-itn        keff    err-keff    err-fiss     err-flx      Sp Rad      extrap---
    20   200  1.0530E+00  6.9573E-06  1.3379E-05  9.0566E-04  6.3198E-01           0 %% 
---------------------------------------------------------------------------------------
     1    1  1.0000E+00 % 
     1    2  2.4753E-05 % 
     1    3  2.2432E-05 % 
     1    4  2.0329E-05 % 
     1    5  1.8425E-05 % 
     2    1  1.0000E+00 % 
     2    2  1.4771E-04 % 
     2    3  1.4038E-04 % 
     2    4  1.3349E-04 % 
     2    5  1.2702E-04 % 
---------------------------------------------------------------------------------------
---itn i-itn        keff    err-keff    err-fiss     err-flx      Sp Rad      extrap---
    21   210  1.0530E+00  1.2114E-05  2.5651E-05  1.9162E-03  1.7412E+00           1 %% 
---------------------------------------------------------------------------------------
     1    1  1.0000E+00 % 
     1    2  1.1807E-06 % 
     1    3  1.0716E-06 % 
     1    4  9.7298E-07 % 
     1    5  8.8370E-07 % 
     2    1  1.0000E+00 % 
     2    2  6.2103E-05 % 
     2    3  6.0000E-05 % 
     2    4  5.7977E-05 % 
     2    5  5.6031E-05 % 
---------------------------------------------------------------------------------------
---itn i-itn        keff    err-keff    err-fiss     err-flx      Sp Rad      extrap---
    22   220  1.0530E+00  2.5116E-07  2.4902E-06  3.0044E-04  5.8209E-02           0 %% 
---------------------------------------------------------------------------------------
     1    1  1.0000E+00 % 
     1    2  7.0277E-07 % 
     1    3  6.3935E-07 % 
     1    4  5.8187E-07 % 
     1    5  5.2964E-07 % 
     2    1  1.0000E+00 % 
     2    2  5.2316E-05 % 
     2    3  5.0582E-05 % 
     2    4  4.8912E-05 % 
     2    5  4.7302E-05 % 
---------------------------------------------------------------------------------------
---itn i-itn        keff    err-keff    err-fiss     err-flx      Sp Rad      extrap---
    23   230  1.0530E+00  2.8484E-07  2.2658E-06  2.5326E-04  9.1145E-01           0 %% 
---------------------------------------------------------------------------------------
     1    1  1.0000E+00 % 
     1    2  4.1641E-07 % 
     1    3  3.7968E-07 % 
     1    4  3.4631E-07 % 
     1    5  3.1592E-07 % 
     2    1  1.0000E+00 % 
     2    2  4.4238E-05 % 
     2    3  4.2798E-05 % 
     2    4  4.1410E-05 % 
     2    5  4.0071E-05 % 
---------------------------------------------------------------------------------------
---itn i-itn        keff    err-keff    err-fiss     err-flx      Sp Rad      extrap---
    24   240  1.0530E+00  2.8861E-07  2.0291E-06  2.1427E-04  8.9992E-01           0 %% 
---------------------------------------------------------------------------------------
     1    1  1.0000E+00 % 
     1    2  2.4376E-07 % 
     1    3  2.2282E-07 % 
     1    4  2.0377E-07 % 
     1    5  1.8637E-07 % 
     2    1  1.0000E+00 % 
     2    2  3.7524E-05 % 
     2    3  3.6321E-05 % 
     2    4  3.5161E-05 % 
     2    5  3.4040E-05 % 
---------------------------------------------------------------------------------------
---itn i-itn        keff    err-keff    err-fiss     err-flx      Sp Rad      extrap---
    25   250  1.0530E+00  2.7584E-07  1.7968E-06  1.8183E-04  8.9070E-01           0 %% 
---------------------------------------------------------------------------------------
     1    1  1.0000E+00 % 
     1    2  1.3955E-07 % 
     1    3  1.2799E-07 % 
     1    4  1.1746E-07 % 
     1    5  1.0782E-07 % 
     2    1  1.0000E+00 % 
     2    2  3.1910E-05 % 
     2    3  3.0900E-05 % 
     2    4  2.9925E-05 % 
     2    5  2.8983E-05 % 
---------------------------------------------------------------------------------------
---itn i-itn        keff    err-keff    err-fiss     err-flx      Sp Rad      extrap---
    26   260  1.0530E+00  2.3307E-06  1.4440E-05  1.4170E-03  8.0811E+00           1 %% 
---------------------------------------------------------------------------------------
     1    1  1.0000E+00 % 
     1    2  4.3426E-07 % 
     1    3  3.9494E-07 % 
     1    4  3.5920E-07 % 
     1    5  3.2668E-07 % 
     2    1  1.0000E+00 % 
     2    2  1.1309E-05 % 
     2    3  1.0869E-05 % 
     2    4  1.0449E-05 % 
     2    5  1.0048E-05 % 
---------------------------------------------------------------------------------------
---itn i-itn        keff    err-keff    err-fiss     err-flx      Sp Rad      extrap---
    27   270  1.0530E+00  3.0359E-08  2.5087E-07  5.4444E-05  2.0770E-02           0 %% 
---------------------------------------------------------------------------------------
