============================================================================================
   Begin outer iterations.
============================================================================================
   grp   itn  max-err-flx
     1     1   1.0000E+00 %
     1     2   5.9155E-02 %
     1     3   7.9683E-03 %
     1     4   1.2122E-03 %
     2     1   1.0000E+00 %
     2     2   9.9960E-02 %
     2     3   2.5965E-02 %
     2     4   6.8588E-03 %
     3     1   1.0000E+00 %
     3     2   6.5338E-02 %
     3     3   1.3325E-02 %
     3     4   3.0177E-03 %
     4     1   1.0000E+00 %
     4     2   1.5167E-01 %
     4     3   6.5795E-02 %
     4     4   2.9729E-02 %
     5     1   1.0000E+00 %
     5     2   1.0780E-01 %
     5     3   5.7663E-02 %
     5     4   3.1431E-02 %
     6     1   1.0000E+00 %
     6     2   5.6704E-01 %
     6     3   4.2970E-01 %
     6     4   3.1674E-01 %
--------------------------------------------------------------------------------------------
---itn i-itn         keff     err-keff     err-fiss      err-flx       Sp-Rad      extrap---
     1    24   9.2843E-01   7.7088E-02   4.9349E-01   4.0686E+00   2.0373E+02           0 %%
--------------------------------------------------------------------------------------------
   grp   itn  max-err-flx
     1     1   1.0000E+00 %
     1     2   2.2188E-02 %
     1     3   3.1990E-03 %
     1     4   4.7938E-04 %
     2     1   1.0000E+00 %
     2     2   2.9243E-02 %
     2     3   6.0677E-03 %
     2     4   1.3076E-03 %
     3     1   1.0000E+00 %
     3     2   3.2094E-02 %
     3     3   8.5998E-03 %
     3     4   2.3946E-03 %
     4     1   1.0000E+00 %
     4     2   3.9993E-02 %
     4     3   1.5653E-02 %
     4     4   6.3700E-03 %
     5     1   1.0000E+00 %
     5     2   4.3610E-02 %
     5     3   2.3710E-02 %
     5     4   1.3195E-02 %
     6     1   1.0000E+00 %
     6     2   1.8993E-01 %
     6     3   1.3044E-01 %
     6     4   8.8135E-02 %
--------------------------------------------------------------------------------------------
---itn i-itn         keff     err-keff     err-fiss      err-flx       Sp-Rad      extrap---
     2    48   9.2384E-01   4.9669E-03   1.6069E-01   8.5905E-01   3.8137E-01           0 %%
--------------------------------------------------------------------------------------------
   grp   itn  max-err-flx
     1     1   1.0000E+00 %
     1     2   1.0206E-02 %
     1     3   1.4218E-03 %
     1     4   2.0789E-04 %
     2     1   1.0000E+00 %
     2     2   1.3319E-02 %
     2     3   2.6658E-03 %
     2     4   5.5854E-04 %
     3     1   1.0000E+00 %
     3     2   1.4970E-02 %
     3     3   3.9075E-03 %
     3     4   1.0677E-03 %
     4     1   1.0000E+00 %
     4     2   1.6873E-02 %
     4     3   6.3286E-03 %
     4     4   2.4763E-03 %
     5     1   1.0000E+00 %
     5     2   1.9923E-02 %
     5     3   1.0780E-02 %
     5     4   5.9757E-03 %
     6     1   1.0000E+00 %
     6     2   5.0597E-02 %
     6     3   3.1702E-02 %
     6     4   2.0040E-02 %
--------------------------------------------------------------------------------------------
---itn i-itn         keff     err-keff     err-fiss      err-flx       Sp-Rad      extrap---
     3    72   9.2934E-01   5.9124E-03   7.0691E-02   1.9552E-01   4.4382E-01           0 %%
--------------------------------------------------------------------------------------------
   grp   itn  max-err-flx
     1     1   1.0000E+00 %
     1     2   4.6602E-03 %
     1     3   6.3737E-04 %
     1     4   9.1971E-05 %
     2     1   1.0000E+00 %
     2     2   6.0863E-03 %
     2     3   1.1970E-03 %
     2     4   2.4756E-04 %
     3     1   1.0000E+00 %
     3     2   6.8458E-03 %
     3     3   1.7584E-03 %
     3     4   4.7472E-04 %
     4     1   1.0000E+00 %
     4     2   7.6298E-03 %
     4     3   2.8163E-03 %
     4     4   1.0874E-03 %
     5     1   1.0000E+00 %
     5     2   9.1191E-03 %
     5     3   4.9049E-03 %
     5     4   2.7056E-03 %
     6     1   1.0000E+00 %
     6     2   1.3467E-02 %
     6     3   7.8133E-03 %
     6     4   4.6156E-03 %
--------------------------------------------------------------------------------------------
---itn i-itn         keff     err-keff     err-fiss      err-flx       Sp-Rad      extrap---
     4    96   9.3347E-01   4.4257E-03   3.4891E-02   5.0369E-02   4.6912E-01           0 %%
--------------------------------------------------------------------------------------------
   grp   itn  max-err-flx
     1     1   1.0000E+00 %
     1     2   2.1306E-03 %
     1     3   2.8835E-04 %
     1     4   4.1311E-05 %
     2     1   1.0000E+00 %
     2     2   2.7838E-03 %
     2     3   5.4200E-04 %
     2     4   1.1131E-04 %
     3     1   1.0000E+00 %
     3     2   3.1309E-03 %
     3     3   7.9670E-04 %
     3     4   2.1365E-04 %
     4     1   1.0000E+00 %
     4     2   3.4822E-03 %
     4     3   1.2747E-03 %
     4     4   4.8916E-04 %
     5     1   1.0000E+00 %
     5     2   4.1661E-03 %
     5     3   2.2307E-03 %
     5     4   1.2261E-03 %
     6     1   1.0000E+00 %
     6     2   4.2585E-03 %
     6     3   2.2803E-03 %
     6     4   1.2332E-03 %
--------------------------------------------------------------------------------------------
---itn i-itn         keff     err-keff     err-fiss      err-flx       Sp-Rad      extrap---
     5   120   9.3570E-01   2.3860E-03   1.6548E-02   1.8917E-02   4.7718E-01           0 %%
--------------------------------------------------------------------------------------------
   grp   itn  max-err-flx
     1     1   1.0000E+00 %
     1     2   9.7073E-04 %
     1     3   1.3052E-04 %
     1     4   1.9749E-05 %
     2     1   1.0000E+00 %
     2     2   1.2686E-03 %
     2     3   2.4543E-04 %
     2     4   5.3024E-05 %
     3     1   1.0000E+00 %
     3     2   1.4265E-03 %
     3     3   3.6087E-04 %
     3     4   1.0213E-04 %
     4     1   1.0000E+00 %
     4     2   1.5855E-03 %
     4     3   5.8049E-04 %
     4     4   2.3398E-04 %
     5     1   1.0000E+00 %
     5     2   1.8966E-03 %
     5     3   1.0123E-03 %
     5     4   5.7131E-04 %
     6     1   1.0000E+00 %
     6     2   1.8026E-03 %
     6     3   1.0379E-03 %
     6     4   6.0390E-04 %
--------------------------------------------------------------------------------------------
---itn i-itn         keff     err-keff     err-fiss      err-flx       Sp-Rad      extrap---
     6   144   9.3680E-01   1.1724E-03   7.6764E-03   8.6927E-03   4.9046E-01           0 %%
--------------------------------------------------------------------------------------------
   grp   itn  max-err-flx
     1     1   1.0000E+00 %
     1     2   4.5632E-04 %
     1     3   6.6100E-05 %
     1     4   1.0018E-05 %
     2     1   1.0000E+00 %
     2     2   5.9538E-04 %
     2     3   1.2390E-04 %
     2     4   2.6901E-05 %
     3     1   1.0000E+00 %
     3     2   6.7437E-04 %
     3     3   1.8305E-04 %
     3     4   5.1769E-05 %
     4     1   1.0000E+00 %
     4     2   7.5714E-04 %
     4     3   2.9390E-04 %
     4     4   1.1825E-04 %
     5     1   1.0000E+00 %
     5     2   8.9869E-04 %
     5     3   5.0228E-04 %
     5     4   2.8634E-04 %
     6     1   1.0000E+00 %
     6     2   9.4650E-04 %
     6     3   5.7705E-04 %
     6     4   3.5528E-04 %
--------------------------------------------------------------------------------------------
---itn i-itn         keff     err-keff     err-fiss      err-flx       Sp-Rad      extrap---
     7   168   9.3782E-01   1.0938E-03   7.0439E-03   8.7061E-03   1.0092E+00           1 %%
--------------------------------------------------------------------------------------------
   grp   itn  max-err-flx
     1     1   1.0000E+00 %
     1     2   1.1125E-04 %
     1     3   1.5252E-05 %
     1     4   2.1136E-06 %
     2     1   1.0000E+00 %
     2     2   1.4482E-04 %
     2     3   2.8538E-05 %
     2     4   5.6858E-06 %
     3     1   1.0000E+00 %
     3     2   1.6186E-04 %
     3     3   4.1405E-05 %
     3     4   1.0704E-05 %
     4     1   1.0000E+00 %
     4     2   1.7574E-04 %
     4     3   6.3673E-05 %
     4     4   2.3297E-05 %
     5     1   1.0000E+00 %
     5     2   1.9200E-04 %
     5     3   9.9165E-05 %
     5     4   5.1718E-05 %
     6     1   1.0000E+00 %
     6     2   2.5931E-04 %
     6     3   1.5311E-04 %
     6     4   9.1491E-05 %
--------------------------------------------------------------------------------------------
---itn i-itn         keff     err-keff     err-fiss      err-flx       Sp-Rad      extrap---
     8   192   9.3780E-01   2.1651E-05   8.4332E-04   9.5256E-04   1.0713E-01           0 %%
--------------------------------------------------------------------------------------------
   grp   itn  max-err-flx
     1     1   1.0000E+00 %
     1     2   7.0330E-05 %
     1     3   9.9728E-06 %
     1     4   1.4253E-06 %
     2     1   1.0000E+00 %
     2     2   9.1490E-05 %
     2     3   1.8635E-05 %
     2     4   3.8265E-06 %
     3     1   1.0000E+00 %
     3     2   1.0262E-04 %
     3     3   2.7120E-05 %
     3     4   7.2237E-06 %
     4     1   1.0000E+00 %
     4     2   1.1210E-04 %
     4     3   4.1905E-05 %
     4     4   1.5856E-05 %
     5     1   1.0000E+00 %
     5     2   1.2284E-04 %
     5     3   6.5173E-05 %
     5     4   3.4865E-05 %
     6     1   1.0000E+00 %
     6     2   1.4576E-04 %
     6     3   8.6085E-05 %
     6     4   5.1322E-05 %
--------------------------------------------------------------------------------------------
---itn i-itn         keff     err-keff     err-fiss      err-flx       Sp-Rad      extrap---
     9   216   9.3779E-01   1.0154E-05   5.2086E-04   5.8289E-04   6.7920E-01           0 %%
--------------------------------------------------------------------------------------------
   grp   itn  max-err-flx
     1     1   1.0000E+00 %
     1     2   4.5786E-05 %
     1     3   6.6387E-06 %
     1     4   9.8656E-07 %
     2     1   1.0000E+00 %
     2     2   5.9533E-05 %
     2     3   1.2394E-05 %
     2     4   2.6326E-06 %
     3     1   1.0000E+00 %
     3     2   6.6939E-05 %
     3     3   1.8074E-05 %
     3     4   4.9998E-06 %
     4     1   1.0000E+00 %
     4     2   7.3444E-05 %
     4     3   2.8022E-05 %
     4     4   1.1009E-05 %
     5     1   1.0000E+00 %
     5     2   8.0695E-05 %
     5     3   4.3576E-05 %
     5     4   2.3962E-05 %
     6     1   1.0000E+00 %
     6     2   9.1144E-05 %
     6     3   5.4202E-05 %
     6     4   3.2493E-05 %
--------------------------------------------------------------------------------------------
---itn i-itn         keff     err-keff     err-fiss      err-flx       Sp-Rad      extrap---
    10   240   9.3779E-01   4.1322E-06   3.3455E-04   3.7118E-04   6.8355E-01           0 %%
--------------------------------------------------------------------------------------------
   grp   itn  max-err-flx
     1     1   1.0000E+00 %
     1     2   3.0386E-05 %
     1     3   4.4759E-06 %
     1     4   6.8397E-07 %
     2     1   1.0000E+00 %
     2     2   3.9497E-05 %
     2     3   8.3419E-06 %
     2     4   1.8265E-06 %
     3     1   1.0000E+00 %
     3     2   4.4484E-05 %
     3     3   1.2196E-05 %
     3     4   3.4647E-06 %
     4     1   1.0000E+00 %
     4     2   4.8949E-05 %
     4     3   1.9014E-05 %
     4     4   7.6150E-06 %
     5     1   1.0000E+00 %
     5     2   5.3888E-05 %
     5     3   2.9435E-05 %
     5     4   1.6590E-05 %
     6     1   1.0000E+00 %
     6     2   5.9786E-05 %
     6     3   3.5802E-05 %
     6     4   2.1595E-05 %
--------------------------------------------------------------------------------------------
---itn i-itn         keff     err-keff     err-fiss      err-flx       Sp-Rad      extrap---
    11   264   9.3779E-01   1.4256E-06   2.2022E-04   2.4273E-04   6.8622E-01           0 %%
--------------------------------------------------------------------------------------------
   grp   itn  max-err-flx
     1     1   1.0000E+00 %
     1     2   2.0460E-05 %
     1     3   3.1192E-06 %
     1     4   4.7266E-07 %
     2     1   1.0000E+00 %
     2     2   2.6544E-05 %
     2     3   5.8056E-06 %
     2     4   1.2629E-06 %
     3     1   1.0000E+00 %
     3     2   2.9996E-05 %
     3     3   8.4944E-06 %
     3     4   2.3936E-06 %
     4     1   1.0000E+00 %
     4     2   3.3155E-05 %
     4     3   1.3222E-05 %
     4     4   5.2547E-06 %
     5     1   1.0000E+00 %
     5     2   3.6417E-05 %
     5     3   2.0419E-05 %
     5     4   1.1455E-05 %
     6     1   1.0000E+00 %
     6     2   4.0074E-05 %
     6     3   2.4182E-05 %
     6     4   1.4828E-05 %
--------------------------------------------------------------------------------------------
---itn i-itn         keff     err-keff     err-fiss      err-flx       Sp-Rad      extrap---
    12   288   9.3779E-01   1.0164E-06   4.6906E-04   5.1463E-04   2.1887E+00           1 %%
--------------------------------------------------------------------------------------------
   grp   itn  max-err-flx
     1     1   1.0000E+00 %
     1     2   8.2954E-07 %
     1     3   1.1189E-07 %
     1     4   1.5944E-08 %
     2     1   1.0000E+00 %
     2     2   1.0842E-06 %
     2     3   2.1046E-07 %
     2     4   4.3006E-08 %
     3     1   1.0000E+00 %
     3     2   1.2197E-06 %
     3     3   3.0944E-07 %
     3     4   8.2560E-08 %
     4     1   1.0000E+00 %
     4     2   1.3556E-06 %
     4     3   4.9481E-07 %
     4     4   1.8892E-07 %
     5     1   1.0000E+00 %
     5     2   1.6193E-06 %
     5     3   8.6622E-07 %
     5     4   4.7500E-07 %
     6     1   1.0000E+00 %
     6     2   1.7622E-06 %
     6     3   1.0404E-06 %
     6     4   6.2084E-07 %
--------------------------------------------------------------------------------------------
---itn i-itn         keff     err-keff     err-fiss      err-flx       Sp-Rad      extrap---
    13   312   9.3779E-01   9.6041E-07   6.5825E-06   8.1830E-06   1.1340E-02           0 %%
--------------------------------------------------------------------------------------------
   grp   itn  max-err-flx
     1     1   1.0000E+00 %
     1     2   3.8773E-07 %
     1     3   5.2171E-08 %
     1     4   7.4145E-09 %
     2     1   1.0000E+00 %
     2     2   5.0680E-07 %
     2     3   9.8143E-08 %
     2     4   2.0003E-08 %
     3     1   1.0000E+00 %
     3     2   5.6990E-07 %
     3     3   1.4424E-07 %
     3     4   3.8381E-08 %
     4     1   1.0000E+00 %
     4     2   6.3272E-07 %
     4     3   2.3036E-07 %
     4     4   8.7712E-08 %
     5     1   1.0000E+00 %
     5     2   7.5305E-07 %
     5     3   4.0183E-07 %
     5     4   2.1980E-07 %
     6     1   1.0000E+00 %
     6     2   8.5587E-07 %
     6     3   5.0751E-07 %
     6     4   3.0430E-07 %
--------------------------------------------------------------------------------------------
---itn i-itn         keff     err-keff     err-fiss      err-flx       Sp-Rad      extrap---
    14   336   9.3779E-01   4.3534E-07   3.0835E-06   3.7381E-06   4.6946E-01           0 %%
--------------------------------------------------------------------------------------------
   grp   itn  max-err-flx
     1     1   1.0000E+00 %
     1     2   1.8260E-07 %
     1     3   2.4589E-08 %
     1     4   3.5663E-09 %
     2     1   1.0000E+00 %
     2     2   2.3867E-07 %
     2     3   4.6221E-08 %
     2     4   9.5968E-09 %
     3     1   1.0000E+00 %
     3     2   2.6835E-07 %
     3     3   6.7919E-08 %
     3     4   1.8409E-08 %
     4     1   1.0000E+00 %
     4     2   2.9770E-07 %
     4     3   1.0834E-07 %
     4     4   4.1936E-08 %
     5     1   1.0000E+00 %
     5     2   3.5306E-07 %
     5     3   1.8823E-07 %
     5     4   1.0304E-07 %
     6     1   1.0000E+00 %
     6     2   4.0844E-07 %
     6     3   2.4269E-07 %
     6     4   1.4582E-07 %
--------------------------------------------------------------------------------------------
---itn i-itn         keff     err-keff     err-fiss      err-flx       Sp-Rad      extrap---
    15   360   9.3779E-01   1.9687E-07   1.4514E-06   1.7525E-06   4.7957E-01           0 %%
--------------------------------------------------------------------------------------------
   grp   itn  max-err-flx
     1     1   1.0000E+00 %
     1     2   8.7837E-08 %
     1     3   1.2219E-08 %
     1     4   1.7753E-09 %
     2     1   1.0000E+00 %
     2     2   1.1460E-07 %
     2     3   2.2931E-08 %
     2     4   4.7789E-09 %
     3     1   1.0000E+00 %
     3     2   1.2911E-07 %
     3     3   3.3709E-08 %
     3     4   9.1575E-09 %
     4     1   1.0000E+00 %
     4     2   1.4351E-07 %
     4     3   5.3685E-08 %
     4     4   2.0806E-08 %
     5     1   1.0000E+00 %
     5     2   1.6868E-07 %
     5     3   9.1670E-08 %
     5     4   5.0826E-08 %
     6     1   1.0000E+00 %
     6     2   1.9500E-07 %
     6     3   1.1704E-07 %
     6     4   7.1279E-08 %
--------------------------------------------------------------------------------------------
---itn i-itn         keff     err-keff     err-fiss      err-flx       Sp-Rad      extrap---
    16   384   9.3779E-01   8.9057E-08   6.9002E-07   8.4811E-07   4.9944E-01           0 %%
--------------------------------------------------------------------------------------------
   grp   itn  max-err-flx
     1     1   1.0000E+00 %
     1     2   4.5194E-08 %
     1     3   6.2570E-09 %
     1     4   9.5701E-10 %
     2     1   1.0000E+00 %
     2     2   5.8923E-08 %
     2     3   1.1743E-08 %
     2     4   2.5641E-09 %
     3     1   1.0000E+00 %
     3     2   6.5972E-08 %
     3     3   1.7251E-08 %
     3     4   4.9253E-09 %
     4     1   1.0000E+00 %
     4     2   7.3234E-08 %
     4     3   2.7412E-08 %
     4     4   1.1177E-08 %
     5     1   1.0000E+00 %
     5     2   8.5518E-08 %
     5     3   4.6462E-08 %
     5     4   2.6382E-08 %
     6     1   1.0000E+00 %
     6     2   9.8405E-08 %
     6     3   5.9387E-08 %
     6     4   3.6158E-08 %
--------------------------------------------------------------------------------------------
---itn i-itn         keff     err-keff     err-fiss      err-flx       Sp-Rad      extrap---
    17   408   9.3779E-01   8.0615E-08   7.0486E-07   8.5183E-07   1.0668E+00           1 %%
--------------------------------------------------------------------------------------------
   grp   itn  max-err-flx
     1     1   1.0000E+00 %
     1     2   1.2253E-08 %
     1     3   1.7212E-09 %
     1     4   2.5050E-10 %
     2     1   1.0000E+00 %
     2     2   1.5926E-08 %
     2     3   3.2143E-09 %
     2     4   6.6735E-10 %
     3     1   1.0000E+00 %
     3     2   1.7827E-08 %
     3     3   4.6661E-09 %
     3     4   1.2734E-09 %
     4     1   1.0000E+00 %
     4     2   1.9381E-08 %
     4     3   7.1698E-09 %
     4     4   2.8281E-09 %
     5     1   1.0000E+00 %
     5     2   2.1022E-08 %
     5     3   1.1030E-08 %
     5     4   6.1917E-09 %
     6     1   1.0000E+00 %
     6     2   2.3394E-08 %
     6     3   1.3542E-08 %
     6     4   7.9116E-09 %
--------------------------------------------------------------------------------------------
---itn i-itn         keff     err-keff     err-fiss      err-flx       Sp-Rad      extrap---
    18   432   9.3779E-01   3.6292E-09   9.0285E-08   1.0303E-07   1.2112E-01           0 %%
--------------------------------------------------------------------------------------------
============================================================================================
   End outer iterations.
============================================================================================
