
## geometry

# create the main cuboid
brick x 60 y 100 z 60
move volume 1 location 30 50 30 include_merged

brick x 10 y 60 z 10
move volume 2 location 5 30 5 include_merged

brick x 30 y 10 z 10
move volume 3 location 25 55 5 include_merged

brick x 10 y 10 z 50
move volume 4 location 35 55 35 include_merged

brick x 10 y 40 z 10
move volume 5 location 35 80 55 include_merged

subtract volume 2 3 4 5 from volume 1

# create the source
brick x 10 y 10 z 10
move volume 6 location 5 5 5 include_merged

# create duct
brick x 10 y 50 z 10
move volume 7 location 5 35 5 include_merged

brick x 30 y 10 z 10
move volume 8 location 25 55 5 include_merged

brick x 10 y 10 z 50
move volume 9 location 35 55 35 include_merged

brick x 10 y 40 z 10
move volume 10 location 35 80 55 include_merged

unite volume 7 8 9 10

# imprint and merge
imprint all
merge all

# assign blocks
block 1 volume 6
block 2 volume 7
block 3 volume 1
block 1 name "source"
block 2 name "duct"
block 3 name "box"

# assign sidesets
sideset 1 surface 38 45 41 52 46 44 50 40
sideset 2 surface 6 42 71 39 61
set auto size default 6
volume 6 size auto 5
sideset 1 name "reflective"
sideset 2 name "vacuum"

# mesh
volume 1 7 6 scheme tetmesh
mesh volume 6
mesh volume 7
mesh volume 1

# save the mesh: edit the path
# export mesh "<global path of choice>" dimension 3 overwrite
export mesh "/Users/schus/Desktop/kobayashi-3.e" dimension 3 overwrite
